// Jest Snapshot v1, https://goo.gl/fbAQLP

exports[`should render first fixture expense 1`] = `
<div>
  <Link
    to="/edit/1"
  >
    <h3>
      Description: 
      Gum
    </h3>
  </Link>
  <p>
    Amount: 
    195
     - createdAt: 
    0
  </p>
</div>
`;
